Xmp.dc.Creator: Sgt. Michael L. Owens
Xmp.dc.Description: Soldiers of the Louisiana National Guard’s 527th Engineer Battalion, 225th Engineer Brigade, work to reinforce oil protection barriers and land bridges along Elmer’s Island, La., near Grand Isle and Port Fourchon, La., July 9, 2010.
Xmp.dc.Subject: National Guard
Xmp.dc.Subject: oilspill10
Xmp.dc.Subject: clean-up
Xmp.dc.Subject: Elmer's Island
Xmp.dc.Title: 100709-A-DS601-134

Xmp.exif.DateTimeOriginal: 2010-07-09T12:19:21.600000-04:00
Xmp.exif.ExifVersion: 0221
Xmp.exif.PixelXDimension: 2896
Xmp.exif.PixelYDimension: 1944
